{
  "D": {
    "D2": {
      "Pick": true
    }
  }
}
